pre-loading ...
  [10/52]  (1.2m)
  [20/52]  (2.4m)
  [30/52]  (3.7m)
  [40/52]  (5.0m)
  [50/52]  (6.3m)
  [52/52]  (6.6m)

=== per-plant spread-skill (sampled fan std vs realized error) ===
zone                     name  COD  sigma_scen  skill  ratio  sigma_pool  sigma_2024  year_ratio
   A Arkwright Summit Wind Fa 2018      14.673 13.629  1.077      16.005      12.913       1.239
   A Ball Hill Wind Energy, L 2024      14.571 17.765  0.820      16.558      16.558       1.000
   A Cassadaga Wind, LLC Cass 2021      14.563 15.993  0.911      16.057      15.503       1.036
   A Erie Wind, LLC Erie Wind 2012       2.774  2.900  0.957       2.964       2.727       1.087
   A Niagara Wind Power, LLC  2007       3.657  3.809  0.960       3.914       3.597       1.088
   A Valcour Bliss Windpark,  2008      15.558 12.921  1.204      17.155      12.959       1.324
   C Baron Winds, LLC Baron W 2023      18.149 19.549  0.928      19.243      18.784       1.024
   C Canandaigua Power Partne 2008      19.469 16.619  1.171      21.387      16.029       1.334
   C Canastota Windpower LLC  2001       4.911  4.107  1.196       5.143       4.046       1.271
   C Howard Wind LLC Howard W 2011       7.982  6.139  1.300       8.563       6.451       1.327
   C Marsh Hill Energy LLC Ma 2014       3.013  2.552  1.181       3.316       2.489       1.332
   C NextEra Energy Marketing 2023      14.532 16.009  0.908      15.699      15.305       1.026
   C Sheldon Energy LLC High  2009      18.068 15.922  1.135      20.248      15.381       1.316
   C Stony Creek Energy LLC O 2013      17.006 14.880  1.143      19.158      14.112       1.358
   C Valcour Wethersfield Win 2008      19.848 15.864  1.251      22.126      16.419       1.348
   D Jericho Rise Wind Farm L 2016      15.129 13.823  1.095      16.593      13.696       1.212
   D Marble River LLC Marble  2012      35.852 32.731  1.095      39.567      31.940       1.239
   D Valcour  Chateaugay Wind 2008      17.306 16.137  1.072      19.014      15.594       1.219
   D Valcour Altona Windpark, 2008      15.957 16.557  0.964      17.772      15.069       1.179
   D Valcour Clinton Windpark 2008      16.187 15.142  1.069      17.916      14.777       1.212
   D Valcour Ellenburg Windap 2008      13.496 13.495  1.000      14.752      11.888       1.241
   E Avangrid Renewables LLC  2021      11.515 12.118  0.950      12.336      11.580       1.065
   E Bluestone Wind, LLC Blue 2024      13.006 14.829  0.877      15.783      15.783       1.000
   E Flat Rock Windpower II,  2007      14.817 13.558  1.093      16.015      12.641       1.267
   E Flat Rock Windpower, LLC 2006      37.696 34.491  1.093      40.743      32.158       1.267
   E Galt Power Inc. Copenhag 2018      15.343 14.337  1.070      16.644      13.459       1.237
   E Hardscrabble Wind Power  2011      10.797  9.429  1.145      12.167       9.354       1.301
   E Madison Windpower, LLC M 2000       1.435  1.198  1.198       1.555       1.185       1.312
   E Munnsville Wind Farm, LL 2007       5.382  4.389  1.226       5.843       4.548       1.285
   E Number Three Wind LLC Nu 2023      16.486 18.293  0.901      17.360      17.148       1.012
   K Long Island Power Author 2024      26.387 28.988  0.910      29.543      29.543       1.000

=== summary (means over plants) ===
  spread/skill ratio : mean 1.061  median 1.077  (#>1: 20/31)
  year_ratio (pool/2024): mean 1.199  median 1.239  (#>1: 28/31)
  binning residual (ratio/year_ratio): mean 0.885

wrote /Users/val/Desktop/Princeton/experiments/wind_per_plant/outputs/diagnose/spread_skill.csv
